mode: atomic
github.com/BillZong/task-driver/internal/db/checkpoint.go:11.155,17.16 2 2
github.com/BillZong/task-driver/internal/db/checkpoint.go:17.16,19.3 1 0
github.com/BillZong/task-driver/internal/db/checkpoint.go:20.2,21.16 2 2
github.com/BillZong/task-driver/internal/db/checkpoint.go:21.16,23.3 1 0
github.com/BillZong/task-driver/internal/db/checkpoint.go:24.2,24.16 1 2
github.com/BillZong/task-driver/internal/db/checkpoint.go:28.76,34.16 2 1
github.com/BillZong/task-driver/internal/db/checkpoint.go:34.16,36.3 1 0
github.com/BillZong/task-driver/internal/db/checkpoint.go:37.2,40.18 3 1
github.com/BillZong/task-driver/internal/db/checkpoint.go:40.18,43.58 2 2
github.com/BillZong/task-driver/internal/db/checkpoint.go:43.58,45.4 1 0
github.com/BillZong/task-driver/internal/db/checkpoint.go:46.3,46.39 1 2
github.com/BillZong/task-driver/internal/db/checkpoint.go:48.2,48.35 1 1
github.com/BillZong/task-driver/internal/db/checkpoint.go:48.35,50.3 1 0
github.com/BillZong/task-driver/internal/db/checkpoint.go:51.2,51.25 1 1
github.com/BillZong/task-driver/internal/db/checkpoint.go:56.80,64.16 3 2
github.com/BillZong/task-driver/internal/db/checkpoint.go:64.16,65.27 1 1
github.com/BillZong/task-driver/internal/db/checkpoint.go:65.27,67.4 1 1
github.com/BillZong/task-driver/internal/db/checkpoint.go:68.3,68.79 1 0
github.com/BillZong/task-driver/internal/db/checkpoint.go:70.2,70.16 1 1
github.com/BillZong/task-driver/internal/db/db.go:12.45,14.16 2 18
github.com/BillZong/task-driver/internal/db/db.go:14.16,16.3 1 0
github.com/BillZong/task-driver/internal/db/db.go:19.2,23.28 2 18
github.com/BillZong/task-driver/internal/db/db.go:23.28,24.39 1 35
github.com/BillZong/task-driver/internal/db/db.go:24.39,27.4 2 1
github.com/BillZong/task-driver/internal/db/db.go:31.2,37.34 2 17
github.com/BillZong/task-driver/internal/db/db.go:37.34,38.42 1 68
github.com/BillZong/task-driver/internal/db/db.go:38.42,41.4 2 0
github.com/BillZong/task-driver/internal/db/db.go:44.2,44.16 1 17
github.com/BillZong/task-driver/internal/db/db.go:47.36,63.2 1 17
github.com/BillZong/task-driver/internal/db/db.go:65.36,81.2 1 17
github.com/BillZong/task-driver/internal/db/db.go:83.42,97.2 1 17
github.com/BillZong/task-driver/internal/db/db.go:99.38,108.2 1 17
github.com/BillZong/task-driver/internal/db/step.go:11.102,17.16 2 11
github.com/BillZong/task-driver/internal/db/step.go:17.16,19.3 1 0
github.com/BillZong/task-driver/internal/db/step.go:20.2,20.12 1 11
github.com/BillZong/task-driver/internal/db/step.go:25.122,32.16 2 4
github.com/BillZong/task-driver/internal/db/step.go:32.16,34.3 1 0
github.com/BillZong/task-driver/internal/db/step.go:35.2,35.12 1 4
github.com/BillZong/task-driver/internal/db/step.go:39.64,45.16 2 8
github.com/BillZong/task-driver/internal/db/step.go:45.16,47.3 1 0
github.com/BillZong/task-driver/internal/db/step.go:48.2,51.18 3 8
github.com/BillZong/task-driver/internal/db/step.go:51.18,54.70 2 20
github.com/BillZong/task-driver/internal/db/step.go:54.70,56.4 1 0
github.com/BillZong/task-driver/internal/db/step.go:57.3,57.27 1 20
github.com/BillZong/task-driver/internal/db/step.go:59.2,59.35 1 8
github.com/BillZong/task-driver/internal/db/step.go:59.35,61.3 1 0
github.com/BillZong/task-driver/internal/db/step.go:62.2,62.19 1 8
github.com/BillZong/task-driver/internal/db/step.go:68.69,70.16 2 1
github.com/BillZong/task-driver/internal/db/step.go:70.16,72.3 1 0
github.com/BillZong/task-driver/internal/db/step.go:73.2,80.16 3 1
github.com/BillZong/task-driver/internal/db/step.go:80.16,82.3 1 0
github.com/BillZong/task-driver/internal/db/step.go:83.2,85.37 2 1
github.com/BillZong/task-driver/internal/db/step.go:85.37,87.71 2 3
github.com/BillZong/task-driver/internal/db/step.go:87.71,89.4 1 0
github.com/BillZong/task-driver/internal/db/step.go:93.2,93.37 1 1
github.com/BillZong/task-driver/internal/db/step.go:93.37,97.17 1 3
github.com/BillZong/task-driver/internal/db/step.go:97.17,99.4 1 0
github.com/BillZong/task-driver/internal/db/step.go:102.2,102.36 1 1
github.com/BillZong/task-driver/internal/db/step.go:102.36,104.3 1 0
github.com/BillZong/task-driver/internal/db/step.go:105.2,105.12 1 1
github.com/BillZong/task-driver/internal/db/step.go:109.78,114.16 2 1
github.com/BillZong/task-driver/internal/db/step.go:114.16,116.3 1 0
github.com/BillZong/task-driver/internal/db/step.go:117.2,117.12 1 1
github.com/BillZong/task-driver/internal/db/task.go:12.104,20.16 4 16
github.com/BillZong/task-driver/internal/db/task.go:20.16,22.3 1 0
github.com/BillZong/task-driver/internal/db/task.go:23.2,23.20 1 16
github.com/BillZong/task-driver/internal/db/task.go:27.62,37.16 3 11
github.com/BillZong/task-driver/internal/db/task.go:37.16,39.3 1 1
github.com/BillZong/task-driver/internal/db/task.go:40.2,40.16 1 10
github.com/BillZong/task-driver/internal/db/task.go:44.68,51.16 2 2
github.com/BillZong/task-driver/internal/db/task.go:51.16,53.3 1 0
github.com/BillZong/task-driver/internal/db/task.go:54.2,57.18 3 2
github.com/BillZong/task-driver/internal/db/task.go:57.18,59.134 2 1
github.com/BillZong/task-driver/internal/db/task.go:59.134,61.4 1 0
github.com/BillZong/task-driver/internal/db/task.go:62.3,62.30 1 1
github.com/BillZong/task-driver/internal/db/task.go:64.2,64.35 1 2
github.com/BillZong/task-driver/internal/db/task.go:64.35,66.3 1 0
github.com/BillZong/task-driver/internal/db/task.go:67.2,67.19 1 2
github.com/BillZong/task-driver/internal/db/task.go:71.49,76.16 2 5
github.com/BillZong/task-driver/internal/db/task.go:76.16,78.3 1 0
github.com/BillZong/task-driver/internal/db/task.go:79.2,79.12 1 5
github.com/BillZong/task-driver/internal/db/task.go:83.71,85.19 2 4
github.com/BillZong/task-driver/internal/db/task.go:86.19,87.31 1 2
github.com/BillZong/task-driver/internal/db/task.go:88.16,89.28 1 1
github.com/BillZong/task-driver/internal/db/task.go:90.16,91.28 1 0
github.com/BillZong/task-driver/internal/db/task.go:92.10,93.31 1 1
github.com/BillZong/task-driver/internal/db/task.go:96.2,100.16 2 4
github.com/BillZong/task-driver/internal/db/task.go:100.16,102.3 1 0
github.com/BillZong/task-driver/internal/db/task.go:103.2,103.12 1 4
github.com/BillZong/task-driver/internal/db/task.go:107.71,112.16 2 1
github.com/BillZong/task-driver/internal/db/task.go:112.16,114.3 1 0
github.com/BillZong/task-driver/internal/db/task.go:115.2,115.12 1 1
github.com/BillZong/task-driver/internal/db/task.go:119.49,124.16 2 1
github.com/BillZong/task-driver/internal/db/task.go:124.16,126.3 1 0
github.com/BillZong/task-driver/internal/db/task.go:127.2,127.12 1 1
github.com/BillZong/task-driver/internal/db/task.go:131.72,136.16 2 1
github.com/BillZong/task-driver/internal/db/task.go:136.16,138.3 1 0
github.com/BillZong/task-driver/internal/db/task.go:139.2,139.12 1 1
github.com/BillZong/task-driver/internal/db/task.go:143.83,145.16 2 2
github.com/BillZong/task-driver/internal/db/task.go:145.16,147.3 1 0
github.com/BillZong/task-driver/internal/db/task.go:148.2,154.16 2 2
github.com/BillZong/task-driver/internal/db/task.go:154.16,156.3 1 0
github.com/BillZong/task-driver/internal/db/task.go:159.2,159.32 1 2
github.com/BillZong/task-driver/internal/db/task.go:159.32,166.17 2 6
github.com/BillZong/task-driver/internal/db/task.go:166.17,168.4 1 0
github.com/BillZong/task-driver/internal/db/task.go:171.2,171.36 1 2
github.com/BillZong/task-driver/internal/db/task.go:171.36,173.3 1 0
github.com/BillZong/task-driver/internal/db/task.go:174.2,174.12 1 2
