mode: atomic
github.com/BillZong/task-driver/internal/model/types.go:185.22,187.2 1 1
github.com/BillZong/task-driver/internal/model/types.go:189.42,191.2 1 6
github.com/BillZong/task-driver/internal/model/types.go:194.42,196.20 2 4
github.com/BillZong/task-driver/internal/model/types.go:196.20,198.3 1 1
github.com/BillZong/task-driver/internal/model/types.go:199.2,200.15 2 3
github.com/BillZong/task-driver/internal/config/config.go:24.51,25.46 1 5
github.com/BillZong/task-driver/internal/config/config.go:25.46,27.3 1 3
github.com/BillZong/task-driver/internal/config/config.go:28.2,28.52 1 2
github.com/BillZong/task-driver/internal/config/config.go:40.31,41.22 1 2
github.com/BillZong/task-driver/internal/config/config.go:41.22,43.3 1 0
github.com/BillZong/task-driver/internal/config/config.go:44.2,44.18 1 2
github.com/BillZong/task-driver/internal/config/config.go:44.18,46.3 1 1
github.com/BillZong/task-driver/internal/config/config.go:47.2,47.28 1 2
github.com/BillZong/task-driver/internal/config/config.go:47.28,52.3 1 1
github.com/BillZong/task-driver/internal/config/config.go:52.8,53.37 1 1
github.com/BillZong/task-driver/internal/config/config.go:53.37,55.4 1 0
github.com/BillZong/task-driver/internal/config/config.go:56.3,56.41 1 1
github.com/BillZong/task-driver/internal/config/config.go:56.41,58.4 1 0
github.com/BillZong/task-driver/internal/config/config.go:63.37,64.49 1 6
github.com/BillZong/task-driver/internal/config/config.go:64.49,66.3 1 4
github.com/BillZong/task-driver/internal/config/config.go:68.2,69.16 2 2
github.com/BillZong/task-driver/internal/config/config.go:69.16,71.3 1 0
github.com/BillZong/task-driver/internal/config/config.go:72.2,74.17 2 2
github.com/BillZong/task-driver/internal/config/config.go:74.17,76.3 1 0
github.com/BillZong/task-driver/internal/config/config.go:78.2,78.41 1 2
github.com/BillZong/task-driver/internal/config/config.go:83.41,87.16 3 3
github.com/BillZong/task-driver/internal/config/config.go:87.16,89.3 1 1
github.com/BillZong/task-driver/internal/config/config.go:91.2,91.50 1 2
github.com/BillZong/task-driver/internal/config/config.go:91.50,93.3 1 0
github.com/BillZong/task-driver/internal/config/config.go:95.2,99.17 3 2
github.com/BillZong/task-driver/internal/db/checkpoint.go:11.155,17.16 2 2
github.com/BillZong/task-driver/internal/db/checkpoint.go:17.16,19.3 1 0
github.com/BillZong/task-driver/internal/db/checkpoint.go:20.2,21.16 2 2
github.com/BillZong/task-driver/internal/db/checkpoint.go:21.16,23.3 1 0
github.com/BillZong/task-driver/internal/db/checkpoint.go:24.2,24.16 1 2
github.com/BillZong/task-driver/internal/db/checkpoint.go:28.76,34.16 2 1
github.com/BillZong/task-driver/internal/db/checkpoint.go:34.16,36.3 1 0
github.com/BillZong/task-driver/internal/db/checkpoint.go:37.2,40.18 3 1
github.com/BillZong/task-driver/internal/db/checkpoint.go:40.18,43.58 2 2
github.com/BillZong/task-driver/internal/db/checkpoint.go:43.58,45.4 1 0
github.com/BillZong/task-driver/internal/db/checkpoint.go:46.3,46.39 1 2
github.com/BillZong/task-driver/internal/db/checkpoint.go:48.2,48.35 1 1
github.com/BillZong/task-driver/internal/db/checkpoint.go:48.35,50.3 1 0
github.com/BillZong/task-driver/internal/db/checkpoint.go:51.2,51.25 1 1
github.com/BillZong/task-driver/internal/db/checkpoint.go:56.80,64.16 3 2
github.com/BillZong/task-driver/internal/db/checkpoint.go:64.16,65.27 1 1
github.com/BillZong/task-driver/internal/db/checkpoint.go:65.27,67.4 1 1
github.com/BillZong/task-driver/internal/db/checkpoint.go:68.3,68.79 1 0
github.com/BillZong/task-driver/internal/db/checkpoint.go:70.2,70.16 1 1
github.com/BillZong/task-driver/internal/db/db.go:12.45,14.16 2 18
github.com/BillZong/task-driver/internal/db/db.go:14.16,16.3 1 0
github.com/BillZong/task-driver/internal/db/db.go:19.2,23.28 2 18
github.com/BillZong/task-driver/internal/db/db.go:23.28,24.39 1 35
github.com/BillZong/task-driver/internal/db/db.go:24.39,27.4 2 1
github.com/BillZong/task-driver/internal/db/db.go:31.2,37.34 2 17
github.com/BillZong/task-driver/internal/db/db.go:37.34,38.42 1 68
github.com/BillZong/task-driver/internal/db/db.go:38.42,41.4 2 0
github.com/BillZong/task-driver/internal/db/db.go:44.2,44.16 1 17
github.com/BillZong/task-driver/internal/db/db.go:47.36,63.2 1 17
github.com/BillZong/task-driver/internal/db/db.go:65.36,81.2 1 17
github.com/BillZong/task-driver/internal/db/db.go:83.42,97.2 1 17
github.com/BillZong/task-driver/internal/db/db.go:99.38,108.2 1 17
github.com/BillZong/task-driver/internal/db/step.go:11.102,17.16 2 11
github.com/BillZong/task-driver/internal/db/step.go:17.16,19.3 1 0
github.com/BillZong/task-driver/internal/db/step.go:20.2,20.12 1 11
github.com/BillZong/task-driver/internal/db/step.go:25.122,32.16 2 4
github.com/BillZong/task-driver/internal/db/step.go:32.16,34.3 1 0
github.com/BillZong/task-driver/internal/db/step.go:35.2,35.12 1 4
github.com/BillZong/task-driver/internal/db/step.go:39.64,45.16 2 8
github.com/BillZong/task-driver/internal/db/step.go:45.16,47.3 1 0
github.com/BillZong/task-driver/internal/db/step.go:48.2,51.18 3 8
github.com/BillZong/task-driver/internal/db/step.go:51.18,54.70 2 20
github.com/BillZong/task-driver/internal/db/step.go:54.70,56.4 1 0
github.com/BillZong/task-driver/internal/db/step.go:57.3,57.27 1 20
github.com/BillZong/task-driver/internal/db/step.go:59.2,59.35 1 8
github.com/BillZong/task-driver/internal/db/step.go:59.35,61.3 1 0
github.com/BillZong/task-driver/internal/db/step.go:62.2,62.19 1 8
github.com/BillZong/task-driver/internal/db/step.go:68.69,70.16 2 1
github.com/BillZong/task-driver/internal/db/step.go:70.16,72.3 1 0
github.com/BillZong/task-driver/internal/db/step.go:73.2,80.16 3 1
github.com/BillZong/task-driver/internal/db/step.go:80.16,82.3 1 0
github.com/BillZong/task-driver/internal/db/step.go:83.2,85.37 2 1
github.com/BillZong/task-driver/internal/db/step.go:85.37,87.71 2 3
github.com/BillZong/task-driver/internal/db/step.go:87.71,89.4 1 0
github.com/BillZong/task-driver/internal/db/step.go:93.2,93.37 1 1
github.com/BillZong/task-driver/internal/db/step.go:93.37,97.17 1 3
github.com/BillZong/task-driver/internal/db/step.go:97.17,99.4 1 0
github.com/BillZong/task-driver/internal/db/step.go:102.2,102.36 1 1
github.com/BillZong/task-driver/internal/db/step.go:102.36,104.3 1 0
github.com/BillZong/task-driver/internal/db/step.go:105.2,105.12 1 1
github.com/BillZong/task-driver/internal/db/step.go:109.78,114.16 2 1
github.com/BillZong/task-driver/internal/db/step.go:114.16,116.3 1 0
github.com/BillZong/task-driver/internal/db/step.go:117.2,117.12 1 1
github.com/BillZong/task-driver/internal/db/task.go:12.104,20.16 4 16
github.com/BillZong/task-driver/internal/db/task.go:20.16,22.3 1 0
github.com/BillZong/task-driver/internal/db/task.go:23.2,23.20 1 16
github.com/BillZong/task-driver/internal/db/task.go:27.62,37.16 3 11
github.com/BillZong/task-driver/internal/db/task.go:37.16,39.3 1 1
github.com/BillZong/task-driver/internal/db/task.go:40.2,40.16 1 10
github.com/BillZong/task-driver/internal/db/task.go:44.68,51.16 2 2
github.com/BillZong/task-driver/internal/db/task.go:51.16,53.3 1 0
github.com/BillZong/task-driver/internal/db/task.go:54.2,57.18 3 2
github.com/BillZong/task-driver/internal/db/task.go:57.18,59.134 2 1
github.com/BillZong/task-driver/internal/db/task.go:59.134,61.4 1 0
github.com/BillZong/task-driver/internal/db/task.go:62.3,62.30 1 1
github.com/BillZong/task-driver/internal/db/task.go:64.2,64.35 1 2
github.com/BillZong/task-driver/internal/db/task.go:64.35,66.3 1 0
github.com/BillZong/task-driver/internal/db/task.go:67.2,67.19 1 2
github.com/BillZong/task-driver/internal/db/task.go:71.49,76.16 2 5
github.com/BillZong/task-driver/internal/db/task.go:76.16,78.3 1 0
github.com/BillZong/task-driver/internal/db/task.go:79.2,79.12 1 5
github.com/BillZong/task-driver/internal/db/task.go:83.71,85.19 2 4
github.com/BillZong/task-driver/internal/db/task.go:86.19,87.31 1 2
github.com/BillZong/task-driver/internal/db/task.go:88.16,89.28 1 1
github.com/BillZong/task-driver/internal/db/task.go:90.16,91.28 1 0
github.com/BillZong/task-driver/internal/db/task.go:92.10,93.31 1 1
github.com/BillZong/task-driver/internal/db/task.go:96.2,100.16 2 4
github.com/BillZong/task-driver/internal/db/task.go:100.16,102.3 1 0
github.com/BillZong/task-driver/internal/db/task.go:103.2,103.12 1 4
github.com/BillZong/task-driver/internal/db/task.go:107.71,112.16 2 1
github.com/BillZong/task-driver/internal/db/task.go:112.16,114.3 1 0
github.com/BillZong/task-driver/internal/db/task.go:115.2,115.12 1 1
github.com/BillZong/task-driver/internal/db/task.go:119.49,124.16 2 1
github.com/BillZong/task-driver/internal/db/task.go:124.16,126.3 1 0
github.com/BillZong/task-driver/internal/db/task.go:127.2,127.12 1 1
github.com/BillZong/task-driver/internal/db/task.go:131.72,136.16 2 1
github.com/BillZong/task-driver/internal/db/task.go:136.16,138.3 1 0
github.com/BillZong/task-driver/internal/db/task.go:139.2,139.12 1 1
github.com/BillZong/task-driver/internal/db/task.go:143.83,145.16 2 2
github.com/BillZong/task-driver/internal/db/task.go:145.16,147.3 1 0
github.com/BillZong/task-driver/internal/db/task.go:148.2,154.16 2 2
github.com/BillZong/task-driver/internal/db/task.go:154.16,156.3 1 0
github.com/BillZong/task-driver/internal/db/task.go:159.2,159.32 1 2
github.com/BillZong/task-driver/internal/db/task.go:159.32,166.17 2 6
github.com/BillZong/task-driver/internal/db/task.go:166.17,168.4 1 0
github.com/BillZong/task-driver/internal/db/task.go:171.2,171.36 1 2
github.com/BillZong/task-driver/internal/db/task.go:171.36,173.3 1 0
github.com/BillZong/task-driver/internal/db/task.go:174.2,174.12 1 2
github.com/BillZong/task-driver/internal/metrics/metrics.go:87.38,88.20 1 11
github.com/BillZong/task-driver/internal/metrics/metrics.go:88.20,102.3 10 8
github.com/BillZong/task-driver/internal/metrics/metrics.go:103.2,103.12 1 11
github.com/BillZong/task-driver/internal/metrics/metrics.go:107.29,111.2 1 1
github.com/BillZong/task-driver/internal/metrics/metrics.go:117.34,123.27 4 5
github.com/BillZong/task-driver/internal/metrics/metrics.go:123.27,125.3 1 1
github.com/BillZong/task-driver/internal/metrics/metrics.go:126.2,126.27 1 5
github.com/BillZong/task-driver/internal/metrics/metrics.go:126.27,128.3 1 1
github.com/BillZong/task-driver/internal/metrics/metrics.go:131.2,132.87 2 5
github.com/BillZong/task-driver/internal/metrics/metrics.go:136.38,139.2 2 2
github.com/BillZong/task-driver/internal/metrics/metrics.go:144.65,146.64 2 6
github.com/BillZong/task-driver/internal/metrics/metrics.go:146.64,149.3 2 1
github.com/BillZong/task-driver/internal/metrics/metrics.go:150.2,150.49 1 5
github.com/BillZong/task-driver/internal/metrics/metrics.go:150.49,153.3 2 3
github.com/BillZong/task-driver/internal/metrics/metrics.go:155.2,157.42 3 2
github.com/BillZong/task-driver/internal/metrics/metrics.go:161.67,163.64 2 3
github.com/BillZong/task-driver/internal/metrics/metrics.go:163.64,166.3 2 0
github.com/BillZong/task-driver/internal/metrics/metrics.go:167.2,167.49 1 3
github.com/BillZong/task-driver/internal/metrics/metrics.go:167.49,170.3 2 2
github.com/BillZong/task-driver/internal/metrics/metrics.go:172.2,174.42 3 1
github.com/BillZong/task-driver/internal/metrics/metrics.go:179.33,181.2 1 10
github.com/BillZong/task-driver/internal/metrics/metrics.go:183.25,184.12 1 14
github.com/BillZong/task-driver/internal/metrics/metrics.go:184.12,186.3 1 8
github.com/BillZong/task-driver/internal/metrics/metrics.go:187.2,189.12 3 6
github.com/BillZong/task-driver/internal/metrics/metrics.go:189.12,193.3 3 17
github.com/BillZong/task-driver/internal/metrics/metrics.go:194.2,194.24 1 6
github.com/BillZong/task-driver/internal/api/health.go:17.69,18.54 1 7
github.com/BillZong/task-driver/internal/api/health.go:18.54,21.45 2 2
github.com/BillZong/task-driver/internal/api/health.go:21.45,23.4 1 2
github.com/BillZong/task-driver/internal/api/health.go:26.3,27.89 2 2
github.com/BillZong/task-driver/internal/api/health.go:27.89,29.4 1 0
github.com/BillZong/task-driver/internal/api/health.go:31.3,40.29 3 2
github.com/BillZong/task-driver/internal/api/health.go:40.29,46.4 1 1
github.com/BillZong/task-driver/internal/api/health.go:48.3,50.34 3 2
github.com/BillZong/task-driver/internal/api/health.go:55.34,56.9 1 2
github.com/BillZong/task-driver/internal/api/health.go:57.18,58.59 1 0
github.com/BillZong/task-driver/internal/api/health.go:59.18,60.59 1 0
github.com/BillZong/task-driver/internal/api/health.go:61.18,62.59 1 2
github.com/BillZong/task-driver/internal/api/health.go:63.10,64.32 1 0
github.com/BillZong/task-driver/internal/api/router.go:18.61,22.45 2 6
github.com/BillZong/task-driver/internal/api/router.go:22.45,23.72 1 6
github.com/BillZong/task-driver/internal/api/router.go:23.72,27.38 4 19
github.com/BillZong/task-driver/internal/api/router.go:27.38,30.5 2 0
github.com/BillZong/task-driver/internal/api/router.go:31.4,31.24 1 19
github.com/BillZong/task-driver/internal/api/router.go:36.2,62.10 20 6
github.com/BillZong/task-driver/internal/api/task_handlers.go:17.58,21.2 3 19
github.com/BillZong/task-driver/internal/api/task_handlers.go:23.64,25.2 1 3
github.com/BillZong/task-driver/internal/api/task_handlers.go:27.45,30.2 2 14
github.com/BillZong/task-driver/internal/api/task_handlers.go:35.75,36.54 1 6
github.com/BillZong/task-driver/internal/api/task_handlers.go:36.54,38.43 2 7
github.com/BillZong/task-driver/internal/api/task_handlers.go:38.43,41.4 2 0
github.com/BillZong/task-driver/internal/api/task_handlers.go:42.3,42.21 1 7
github.com/BillZong/task-driver/internal/api/task_handlers.go:42.21,45.4 2 1
github.com/BillZong/task-driver/internal/api/task_handlers.go:46.3,46.24 1 6
github.com/BillZong/task-driver/internal/api/task_handlers.go:46.24,49.4 2 1
github.com/BillZong/task-driver/internal/api/task_handlers.go:51.3,52.17 2 5
github.com/BillZong/task-driver/internal/api/task_handlers.go:52.17,55.4 2 0
github.com/BillZong/task-driver/internal/api/task_handlers.go:56.3,59.17 3 5
github.com/BillZong/task-driver/internal/api/task_handlers.go:59.17,62.4 2 0
github.com/BillZong/task-driver/internal/api/task_handlers.go:64.3,64.33 1 5
github.com/BillZong/task-driver/internal/api/task_handlers.go:64.33,65.71 1 7
github.com/BillZong/task-driver/internal/api/task_handlers.go:65.71,68.5 2 0
github.com/BillZong/task-driver/internal/api/task_handlers.go:71.3,74.5 1 5
github.com/BillZong/task-driver/internal/api/task_handlers.go:79.72,80.54 1 6
github.com/BillZong/task-driver/internal/api/task_handlers.go:80.54,84.17 3 2
github.com/BillZong/task-driver/internal/api/task_handlers.go:84.17,87.4 2 1
github.com/BillZong/task-driver/internal/api/task_handlers.go:89.3,90.17 2 1
github.com/BillZong/task-driver/internal/api/task_handlers.go:90.17,93.4 2 0
github.com/BillZong/task-driver/internal/api/task_handlers.go:95.3,96.17 2 1
github.com/BillZong/task-driver/internal/api/task_handlers.go:96.17,99.4 2 0
github.com/BillZong/task-driver/internal/api/task_handlers.go:101.3,105.5 1 1
github.com/BillZong/task-driver/internal/api/task_handlers.go:110.83,111.54 1 6
github.com/BillZong/task-driver/internal/api/task_handlers.go:111.54,113.17 2 0
github.com/BillZong/task-driver/internal/api/task_handlers.go:113.17,116.4 2 0
github.com/BillZong/task-driver/internal/api/task_handlers.go:117.3,117.19 1 0
github.com/BillZong/task-driver/internal/api/task_handlers.go:117.19,119.4 1 0
github.com/BillZong/task-driver/internal/api/task_handlers.go:120.3,120.37 1 0
github.com/BillZong/task-driver/internal/api/task_handlers.go:125.74,126.54 1 6
github.com/BillZong/task-driver/internal/api/task_handlers.go:126.54,129.52 2 1
github.com/BillZong/task-driver/internal/api/task_handlers.go:129.52,132.4 2 0
github.com/BillZong/task-driver/internal/api/task_handlers.go:134.3,137.5 1 1
github.com/BillZong/task-driver/internal/api/task_handlers.go:142.79,143.54 1 6
github.com/BillZong/task-driver/internal/api/task_handlers.go:143.54,147.43 3 1
github.com/BillZong/task-driver/internal/api/task_handlers.go:147.43,150.4 2 0
github.com/BillZong/task-driver/internal/api/task_handlers.go:152.3,152.110 1 1
github.com/BillZong/task-driver/internal/api/task_handlers.go:152.110,155.4 2 0
github.com/BillZong/task-driver/internal/api/task_handlers.go:158.3,158.78 1 1
github.com/BillZong/task-driver/internal/api/task_handlers.go:158.78,159.76 1 1
github.com/BillZong/task-driver/internal/api/task_handlers.go:159.76,162.5 2 0
github.com/BillZong/task-driver/internal/api/task_handlers.go:165.3,168.5 1 1
github.com/BillZong/task-driver/internal/api/task_handlers.go:173.79,174.54 1 6
github.com/BillZong/task-driver/internal/api/task_handlers.go:174.54,178.43 3 1
github.com/BillZong/task-driver/internal/api/task_handlers.go:178.43,181.4 2 0
github.com/BillZong/task-driver/internal/api/task_handlers.go:184.3,185.17 2 1
github.com/BillZong/task-driver/internal/api/task_handlers.go:185.17,188.4 2 0
github.com/BillZong/task-driver/internal/api/task_handlers.go:189.3,189.27 1 1
github.com/BillZong/task-driver/internal/api/task_handlers.go:189.27,190.39 1 2
github.com/BillZong/task-driver/internal/api/task_handlers.go:190.39,193.5 2 0
github.com/BillZong/task-driver/internal/api/task_handlers.go:196.3,197.17 2 1
github.com/BillZong/task-driver/internal/api/task_handlers.go:197.17,200.4 2 0
github.com/BillZong/task-driver/internal/api/task_handlers.go:201.3,205.25 3 1
github.com/BillZong/task-driver/internal/api/task_handlers.go:205.25,206.33 1 0
github.com/BillZong/task-driver/internal/api/task_handlers.go:206.33,213.5 1 0
github.com/BillZong/task-driver/internal/api/task_handlers.go:214.9,216.34 1 1
github.com/BillZong/task-driver/internal/api/task_handlers.go:216.34,222.5 1 3
github.com/BillZong/task-driver/internal/api/task_handlers.go:225.3,225.73 1 1
github.com/BillZong/task-driver/internal/api/task_handlers.go:225.73,228.4 2 0
github.com/BillZong/task-driver/internal/api/task_handlers.go:231.3,232.120 2 1
github.com/BillZong/task-driver/internal/api/task_handlers.go:232.121,234.4 0 0
github.com/BillZong/task-driver/internal/api/task_handlers.go:236.3,239.5 1 1
github.com/BillZong/task-driver/internal/api/task_handlers.go:244.81,245.54 1 6
github.com/BillZong/task-driver/internal/api/task_handlers.go:245.54,249.43 3 1
github.com/BillZong/task-driver/internal/api/task_handlers.go:249.43,252.4 2 0
github.com/BillZong/task-driver/internal/api/task_handlers.go:254.3,254.70 1 1
github.com/BillZong/task-driver/internal/api/task_handlers.go:254.70,257.4 2 0
github.com/BillZong/task-driver/internal/api/task_handlers.go:259.3,262.5 1 1
github.com/BillZong/task-driver/internal/api/task_handlers.go:267.77,268.54 1 6
github.com/BillZong/task-driver/internal/api/task_handlers.go:268.54,272.43 3 1
github.com/BillZong/task-driver/internal/api/task_handlers.go:272.43,275.4 2 0
github.com/BillZong/task-driver/internal/api/task_handlers.go:277.3,277.78 1 1
github.com/BillZong/task-driver/internal/api/task_handlers.go:277.78,280.4 2 0
github.com/BillZong/task-driver/internal/api/task_handlers.go:282.3,285.5 1 1
github.com/BillZong/task-driver/internal/api/task_handlers.go:290.85,291.54 1 6
github.com/BillZong/task-driver/internal/api/task_handlers.go:291.54,295.43 3 1
github.com/BillZong/task-driver/internal/api/task_handlers.go:295.43,298.4 2 0
github.com/BillZong/task-driver/internal/api/task_handlers.go:301.3,302.29 2 1
github.com/BillZong/task-driver/internal/api/task_handlers.go:302.29,304.18 2 0
github.com/BillZong/task-driver/internal/api/task_handlers.go:304.18,307.5 2 0
github.com/BillZong/task-driver/internal/api/task_handlers.go:308.4,308.29 1 0
github.com/BillZong/task-driver/internal/api/task_handlers.go:311.3,312.17 2 1
github.com/BillZong/task-driver/internal/api/task_handlers.go:312.17,315.4 2 0
github.com/BillZong/task-driver/internal/api/task_handlers.go:317.3,320.5 1 1
github.com/BillZong/task-driver/internal/api/task_handlers.go:325.75,326.54 1 6
github.com/BillZong/task-driver/internal/api/task_handlers.go:326.54,330.43 3 1
github.com/BillZong/task-driver/internal/api/task_handlers.go:330.43,333.4 2 0
github.com/BillZong/task-driver/internal/api/task_handlers.go:335.3,335.79 1 1
github.com/BillZong/task-driver/internal/api/task_handlers.go:335.79,338.4 2 0
github.com/BillZong/task-driver/internal/api/task_handlers.go:340.3,343.5 1 1
github.com/BillZong/task-driver/internal/api/task_handlers.go:348.82,349.54 1 6
github.com/BillZong/task-driver/internal/api/task_handlers.go:349.54,353.43 3 1
github.com/BillZong/task-driver/internal/api/task_handlers.go:353.43,356.4 2 0
github.com/BillZong/task-driver/internal/api/task_handlers.go:358.3,358.80 1 1
github.com/BillZong/task-driver/internal/api/task_handlers.go:358.80,361.4 2 0
github.com/BillZong/task-driver/internal/api/task_handlers.go:363.3,366.5 1 1
github.com/BillZong/task-driver/internal/api/task_handlers.go:371.78,372.54 1 6
github.com/BillZong/task-driver/internal/api/task_handlers.go:372.54,375.52 2 1
github.com/BillZong/task-driver/internal/api/task_handlers.go:375.52,378.4 2 0
github.com/BillZong/task-driver/internal/api/task_handlers.go:380.3,383.5 1 1
github.com/BillZong/task-driver/internal/api/task_handlers.go:388.75,389.54 1 6
github.com/BillZong/task-driver/internal/api/task_handlers.go:389.54,393.17 3 1
github.com/BillZong/task-driver/internal/api/task_handlers.go:393.17,396.4 2 0
github.com/BillZong/task-driver/internal/api/task_handlers.go:398.3,399.17 2 1
github.com/BillZong/task-driver/internal/api/task_handlers.go:399.17,402.4 2 0
github.com/BillZong/task-driver/internal/api/task_handlers.go:405.3,407.9 3 1
github.com/BillZong/task-driver/internal/api/task_handlers.go:407.9,409.4 1 1
github.com/BillZong/task-driver/internal/api/task_handlers.go:411.3,420.36 2 1
